{
  "Kind": "Document",
  "Location": null,
  "Definitions": [
    {
      "Kind": "SchemaDefinition",
      "Description": null,
      "Location": null,
      "Directives": [],
      "OperationTypes": [
        {
          "Kind": "OperationTypeDefinition",
          "Location": null,
          "Operation": "Query",
          "Type": {
            "Kind": "NamedType",
            "Location": null,
            "Name": {
              "Kind": "Name",
              "Location": null,
              "Value": "RegistrationQueries"
            }
          }
        }
      ]
    },
    {
      "Kind": "ObjectTypeDefinition",
      "Description": null,
      "Interfaces": [],
      "Fields": [
        {
          "Kind": "FieldDefinition",
          "Description": null,
          "Arguments": [],
          "Type": {
            "Kind": "NonNullType",
            "Location": null,
            "Type": {
              "Kind": "NamedType",
              "Location": null,
              "Name": {
                "Kind": "Name",
                "Location": null,
                "Value": "Int"
              }
            }
          },
          "Location": null,
          "Name": {
            "Kind": "Name",
            "Location": null,
            "Value": "id"
          },
          "Directives": []
        },
        {
          "Kind": "FieldDefinition",
          "Description": null,
          "Arguments": [],
          "Type": {
            "Kind": "NonNullType",
            "Location": null,
            "Type": {
              "Kind": "NamedType",
              "Location": null,
              "Name": {
                "Kind": "Name",
                "Location": null,
                "Value": "String"
              }
            }
          },
          "Location": null,
          "Name": {
            "Kind": "Name",
            "Location": null,
            "Value": "name"
          },
          "Directives": []
        },
        {
          "Kind": "FieldDefinition",
          "Description": null,
          "Arguments": [],
          "Type": {
            "Kind": "NonNullType",
            "Location": null,
            "Type": {
              "Kind": "NamedType",
              "Location": null,
              "Name": {
                "Kind": "Name",
                "Location": null,
                "Value": "String"
              }
            }
          },
          "Location": null,
          "Name": {
            "Kind": "Name",
            "Location": null,
            "Value": "surname"
          },
          "Directives": []
        },
        {
          "Kind": "FieldDefinition",
          "Description": null,
          "Arguments": [],
          "Type": {
            "Kind": "NonNullType",
            "Location": null,
            "Type": {
              "Kind": "NamedType",
              "Location": null,
              "Name": {
                "Kind": "Name",
                "Location": null,
                "Value": "String"
              }
            }
          },
          "Location": null,
          "Name": {
            "Kind": "Name",
            "Location": null,
            "Value": "emailAddress"
          },
          "Directives": []
        }
      ],
      "Location": null,
      "Name": {
        "Kind": "Name",
        "Location": null,
        "Value": "Client"
      },
      "Directives": []
    },
    {
      "Kind": "ObjectTypeDefinition",
      "Description": null,
      "Interfaces": [],
      "Fields": [
        {
          "Kind": "FieldDefinition",
          "Description": null,
          "Arguments": [],
          "Type": {
            "Kind": "NamedType",
            "Location": null,
            "Name": {
              "Kind": "Name",
              "Location": null,
              "Value": "EmailEntry"
            }
          },
          "Location": null,
          "Name": {
            "Kind": "Name",
            "Location": null,
            "Value": "clone"
          },
          "Directives": []
        },
        {
          "Kind": "FieldDefinition",
          "Description": null,
          "Arguments": [],
          "Type": {
            "Kind": "NonNullType",
            "Location": null,
            "Type": {
              "Kind": "NamedType",
              "Location": null,
              "Name": {
                "Kind": "Name",
                "Location": null,
                "Value": "Int"
              }
            }
          },
          "Location": null,
          "Name": {
            "Kind": "Name",
            "Location": null,
            "Value": "calculateSize"
          },
          "Directives": []
        },
        {
          "Kind": "FieldDefinition",
          "Description": null,
          "Arguments": [],
          "Type": {
            "Kind": "NonNullType",
            "Location": null,
            "Type": {
              "Kind": "NamedType",
              "Location": null,
              "Name": {
                "Kind": "Name",
                "Location": null,
                "Value": "Int"
              }
            }
          },
          "Location": null,
          "Name": {
            "Kind": "Name",
            "Location": null,
            "Value": "id"
          },
          "Directives": []
        },
        {
          "Kind": "FieldDefinition",
          "Description": null,
          "Arguments": [],
          "Type": {
            "Kind": "NamedType",
            "Location": null,
            "Name": {
              "Kind": "Name",
              "Location": null,
              "Value": "String"
            }
          },
          "Location": null,
          "Name": {
            "Kind": "Name",
            "Location": null,
            "Value": "subject"
          },
          "Directives": []
        },
        {
          "Kind": "FieldDefinition",
          "Description": null,
          "Arguments": [],
          "Type": {
            "Kind": "NamedType",
            "Location": null,
            "Name": {
              "Kind": "Name",
              "Location": null,
              "Value": "String"
            }
          },
          "Location": null,
          "Name": {
            "Kind": "Name",
            "Location": null,
            "Value": "body"
          },
          "Directives": []
        }
      ],
      "Location": null,
      "Name": {
        "Kind": "Name",
        "Location": null,
        "Value": "EmailEntry"
      },
      "Directives": []
    },
    {
      "Kind": "ObjectTypeDefinition",
      "Description": null,
      "Interfaces": [],
      "Fields": [
        {
          "Kind": "FieldDefinition",
          "Description": null,
          "Arguments": [],
          "Type": {
            "Kind": "NonNullType",
            "Location": null,
            "Type": {
              "Kind": "NamedType",
              "Location": null,
              "Name": {
                "Kind": "Name",
                "Location": null,
                "Value": "Int"
              }
            }
          },
          "Location": null,
          "Name": {
            "Kind": "Name",
            "Location": null,
            "Value": "id"
          },
          "Directives": []
        },
        {
          "Kind": "FieldDefinition",
          "Description": null,
          "Arguments": [],
          "Type": {
            "Kind": "NonNullType",
            "Location": null,
            "Type": {
              "Kind": "NamedType",
              "Location": null,
              "Name": {
                "Kind": "Name",
                "Location": null,
                "Value": "String"
              }
            }
          },
          "Location": null,
          "Name": {
            "Kind": "Name",
            "Location": null,
            "Value": "eventName"
          },
          "Directives": []
        },
        {
          "Kind": "FieldDefinition",
          "Description": null,
          "Arguments": [],
          "Type": {
            "Kind": "NonNullType",
            "Location": null,
            "Type": {
              "Kind": "ListType",
              "Location": null,
              "Type": {
                "Kind": "NonNullType",
                "Location": null,
                "Type": {
                  "Kind": "NamedType",
                  "Location": null,
                  "Name": {
                    "Kind": "Name",
                    "Location": null,
                    "Value": "Registration"
                  }
                }
              }
            }
          },
          "Location": null,
          "Name": {
            "Kind": "Name",
            "Location": null,
            "Value": "registrations"
          },
          "Directives": []
        }
      ],
      "Location": null,
      "Name": {
        "Kind": "Name",
        "Location": null,
        "Value": "Event"
      },
      "Directives": []
    },
    {
      "Kind": "ObjectTypeDefinition",
      "Description": {
        "Kind": "StringValue",
        "Location": null,
        "Value": "Information about pagination in a connection.",
        "Block": false
      },
      "Interfaces": [],
      "Fields": [
        {
          "Kind": "FieldDefinition",
          "Description": {
            "Kind": "StringValue",
            "Location": null,
            "Value": "Indicates whether more edges exist following the set defined by the clients arguments.",
            "Block": false
          },
          "Arguments": [],
          "Type": {
            "Kind": "NonNullType",
            "Location": null,
            "Type": {
              "Kind": "NamedType",
              "Location": null,
              "Name": {
                "Kind": "Name",
                "Location": null,
                "Value": "Boolean"
              }
            }
          },
          "Location": null,
          "Name": {
            "Kind": "Name",
            "Location": null,
            "Value": "hasNextPage"
          },
          "Directives": []
        },
        {
          "Kind": "FieldDefinition",
          "Description": {
            "Kind": "StringValue",
            "Location": null,
            "Value": "Indicates whether more edges exist prior the set defined by the clients arguments.",
            "Block": false
          },
          "Arguments": [],
          "Type": {
            "Kind": "NonNullType",
            "Location": null,
            "Type": {
              "Kind": "NamedType",
              "Location": null,
              "Name": {
                "Kind": "Name",
                "Location": null,
                "Value": "Boolean"
              }
            }
          },
          "Location": null,
          "Name": {
            "Kind": "Name",
            "Location": null,
            "Value": "hasPreviousPage"
          },
          "Directives": []
        },
        {
          "Kind": "FieldDefinition",
          "Description": {
            "Kind": "StringValue",
            "Location": null,
            "Value": "When paginating backwards, the cursor to continue.",
            "Block": false
          },
          "Arguments": [],
          "Type": {
            "Kind": "NamedType",
            "Location": null,
            "Name": {
              "Kind": "Name",
              "Location": null,
              "Value": "String"
            }
          },
          "Location": null,
          "Name": {
            "Kind": "Name",
            "Location": null,
            "Value": "startCursor"
          },
          "Directives": []
        },
        {
          "Kind": "FieldDefinition",
          "Description": {
            "Kind": "StringValue",
            "Location": null,
            "Value": "When paginating forwards, the cursor to continue.",
            "Block": false
          },
          "Arguments": [],
          "Type": {
            "Kind": "NamedType",
            "Location": null,
            "Name": {
              "Kind": "Name",
              "Location": null,
              "Value": "String"
            }
          },
          "Location": null,
          "Name": {
            "Kind": "Name",
            "Location": null,
            "Value": "endCursor"
          },
          "Directives": []
        }
      ],
      "Location": null,
      "Name": {
        "Kind": "Name",
        "Location": null,
        "Value": "PageInfo"
      },
      "Directives": []
    },
    {
      "Kind": "ObjectTypeDefinition",
      "Description": null,
      "Interfaces": [],
      "Fields": [
        {
          "Kind": "FieldDefinition",
          "Description": null,
          "Arguments": [],
          "Type": {
            "Kind": "NonNullType",
            "Location": null,
            "Type": {
              "Kind": "NamedType",
              "Location": null,
              "Name": {
                "Kind": "Name",
                "Location": null,
                "Value": "Int"
              }
            }
          },
          "Location": null,
          "Name": {
            "Kind": "Name",
            "Location": null,
            "Value": "clientId"
          },
          "Directives": []
        },
        {
          "Kind": "FieldDefinition",
          "Description": null,
          "Arguments": [],
          "Type": {
            "Kind": "NamedType",
            "Location": null,
            "Name": {
              "Kind": "Name",
              "Location": null,
              "Value": "Client"
            }
          },
          "Location": null,
          "Name": {
            "Kind": "Name",
            "Location": null,
            "Value": "client"
          },
          "Directives": []
        },
        {
          "Kind": "FieldDefinition",
          "Description": null,
          "Arguments": [],
          "Type": {
            "Kind": "NamedType",
            "Location": null,
            "Name": {
              "Kind": "Name",
              "Location": null,
              "Value": "Client"
            }
          },
          "Location": null,
          "Name": {
            "Kind": "Name",
            "Location": null,
            "Value": "clientWithLoader"
          },
          "Directives": []
        },
        {
          "Kind": "FieldDefinition",
          "Description": null,
          "Arguments": [],
          "Type": {
            "Kind": "ListType",
            "Location": null,
            "Type": {
              "Kind": "NamedType",
              "Location": null,
              "Name": {
                "Kind": "Name",
                "Location": null,
                "Value": "EmailEntry"
              }
            }
          },
          "Location": null,
          "Name": {
            "Kind": "Name",
            "Location": null,
            "Value": "emails"
          },
          "Directives": []
        },
        {
          "Kind": "FieldDefinition",
          "Description": null,
          "Arguments": [],
          "Type": {
            "Kind": "NonNullType",
            "Location": null,
            "Type": {
              "Kind": "NamedType",
              "Location": null,
              "Name": {
                "Kind": "Name",
                "Location": null,
                "Value": "Int"
              }
            }
          },
          "Location": null,
          "Name": {
            "Kind": "Name",
            "Location": null,
            "Value": "id"
          },
          "Directives": []
        },
        {
          "Kind": "FieldDefinition",
          "Description": null,
          "Arguments": [],
          "Type": {
            "Kind": "NonNullType",
            "Location": null,
            "Type": {
              "Kind": "NamedType",
              "Location": null,
              "Name": {
                "Kind": "Name",
                "Location": null,
                "Value": "DateTime"
              }
            }
          },
          "Location": null,
          "Name": {
            "Kind": "Name",
            "Location": null,
            "Value": "creationDate"
          },
          "Directives": []
        },
        {
          "Kind": "FieldDefinition",
          "Description": null,
          "Arguments": [],
          "Type": {
            "Kind": "NonNullType",
            "Location": null,
            "Type": {
              "Kind": "NamedType",
              "Location": null,
              "Name": {
                "Kind": "Name",
                "Location": null,
                "Value": "RegistrationStatus"
              }
            }
          },
          "Location": null,
          "Name": {
            "Kind": "Name",
            "Location": null,
            "Value": "status"
          },
          "Directives": []
        },
        {
          "Kind": "FieldDefinition",
          "Description": null,
          "Arguments": [],
          "Type": {
            "Kind": "NonNullType",
            "Location": null,
            "Type": {
              "Kind": "NamedType",
              "Location": null,
              "Name": {
                "Kind": "Name",
                "Location": null,
                "Value": "Event"
              }
            }
          },
          "Location": null,
          "Name": {
            "Kind": "Name",
            "Location": null,
            "Value": "event"
          },
          "Directives": []
        }
      ],
      "Location": null,
      "Name": {
        "Kind": "Name",
        "Location": null,
        "Value": "Registration"
      },
      "Directives": []
    },
    {
      "Kind": "ObjectTypeDefinition",
      "Description": null,
      "Interfaces": [],
      "Fields": [
        {
          "Kind": "FieldDefinition",
          "Description": null,
          "Arguments": [
            {
              "Kind": "InputValueDefinition",
              "Description": {
                "Kind": "StringValue",
                "Location": null,
                "Value": "Returns the first _n_ elements from the list.",
                "Block": false
              },
              "Type": {
                "Kind": "NamedType",
                "Location": null,
                "Name": {
                  "Kind": "Name",
                  "Location": null,
                  "Value": "Int"
                }
              },
              "DefaultValue": null,
              "Location": null,
              "Name": {
                "Kind": "Name",
                "Location": null,
                "Value": "first"
              },
              "Directives": []
            },
            {
              "Kind": "InputValueDefinition",
              "Description": {
                "Kind": "StringValue",
                "Location": null,
                "Value": "Returns the elements in the list that come after the specified cursor.",
                "Block": false
              },
              "Type": {
                "Kind": "NamedType",
                "Location": null,
                "Name": {
                  "Kind": "Name",
                  "Location": null,
                  "Value": "String"
                }
              },
              "DefaultValue": null,
              "Location": null,
              "Name": {
                "Kind": "Name",
                "Location": null,
                "Value": "after"
              },
              "Directives": []
            },
            {
              "Kind": "InputValueDefinition",
              "Description": {
                "Kind": "StringValue",
                "Location": null,
                "Value": "Returns the last _n_ elements from the list.",
                "Block": false
              },
              "Type": {
                "Kind": "NamedType",
                "Location": null,
                "Name": {
                  "Kind": "Name",
                  "Location": null,
                  "Value": "Int"
                }
              },
              "DefaultValue": null,
              "Location": null,
              "Name": {
                "Kind": "Name",
                "Location": null,
                "Value": "last"
              },
              "Directives": []
            },
            {
              "Kind": "InputValueDefinition",
              "Description": {
                "Kind": "StringValue",
                "Location": null,
                "Value": "Returns the elements in the list that come before the specified cursor.",
                "Block": false
              },
              "Type": {
                "Kind": "NamedType",
                "Location": null,
                "Name": {
                  "Kind": "Name",
                  "Location": null,
                  "Value": "String"
                }
              },
              "DefaultValue": null,
              "Location": null,
              "Name": {
                "Kind": "Name",
                "Location": null,
                "Value": "before"
              },
              "Directives": []
            },
            {
              "Kind": "InputValueDefinition",
              "Description": null,
              "Type": {
                "Kind": "NamedType",
                "Location": null,
                "Name": {
                  "Kind": "Name",
                  "Location": null,
                  "Value": "RegistrationFilterInput"
                }
              },
              "DefaultValue": null,
              "Location": null,
              "Name": {
                "Kind": "Name",
                "Location": null,
                "Value": "where"
              },
              "Directives": []
            },
            {
              "Kind": "InputValueDefinition",
              "Description": null,
              "Type": {
                "Kind": "ListType",
                "Location": null,
                "Type": {
                  "Kind": "NonNullType",
                  "Location": null,
                  "Type": {
                    "Kind": "NamedType",
                    "Location": null,
                    "Name": {
                      "Kind": "Name",
                      "Location": null,
                      "Value": "RegistrationSortInput"
                    }
                  }
                }
              },
              "DefaultValue": null,
              "Location": null,
              "Name": {
                "Kind": "Name",
                "Location": null,
                "Value": "order"
              },
              "Directives": []
            }
          ],
          "Type": {
            "Kind": "NamedType",
            "Location": null,
            "Name": {
              "Kind": "Name",
              "Location": null,
              "Value": "RegistrationsConnection"
            }
          },
          "Location": null,
          "Name": {
            "Kind": "Name",
            "Location": null,
            "Value": "registrations"
          },
          "Directives": []
        }
      ],
      "Location": null,
      "Name": {
        "Kind": "Name",
        "Location": null,
        "Value": "RegistrationQueries"
      },
      "Directives": []
    },
    {
      "Kind": "ObjectTypeDefinition",
      "Description": {
        "Kind": "StringValue",
        "Location": null,
        "Value": "A connection to a list of items.",
        "Block": false
      },
      "Interfaces": [],
      "Fields": [
        {
          "Kind": "FieldDefinition",
          "Description": {
            "Kind": "StringValue",
            "Location": null,
            "Value": "Information to aid in pagination.",
            "Block": false
          },
          "Arguments": [],
          "Type": {
            "Kind": "NonNullType",
            "Location": null,
            "Type": {
              "Kind": "NamedType",
              "Location": null,
              "Name": {
                "Kind": "Name",
                "Location": null,
                "Value": "PageInfo"
              }
            }
          },
          "Location": null,
          "Name": {
            "Kind": "Name",
            "Location": null,
            "Value": "pageInfo"
          },
          "Directives": []
        },
        {
          "Kind": "FieldDefinition",
          "Description": {
            "Kind": "StringValue",
            "Location": null,
            "Value": "A list of edges.",
            "Block": false
          },
          "Arguments": [],
          "Type": {
            "Kind": "ListType",
            "Location": null,
            "Type": {
              "Kind": "NonNullType",
              "Location": null,
              "Type": {
                "Kind": "NamedType",
                "Location": null,
                "Name": {
                  "Kind": "Name",
                  "Location": null,
                  "Value": "RegistrationsEdge"
                }
              }
            }
          },
          "Location": null,
          "Name": {
            "Kind": "Name",
            "Location": null,
            "Value": "edges"
          },
          "Directives": []
        },
        {
          "Kind": "FieldDefinition",
          "Description": {
            "Kind": "StringValue",
            "Location": null,
            "Value": "A flattened list of the nodes.",
            "Block": false
          },
          "Arguments": [],
          "Type": {
            "Kind": "ListType",
            "Location": null,
            "Type": {
              "Kind": "NamedType",
              "Location": null,
              "Name": {
                "Kind": "Name",
                "Location": null,
                "Value": "Registration"
              }
            }
          },
          "Location": null,
          "Name": {
            "Kind": "Name",
            "Location": null,
            "Value": "nodes"
          },
          "Directives": []
        }
      ],
      "Location": null,
      "Name": {
        "Kind": "Name",
        "Location": null,
        "Value": "RegistrationsConnection"
      },
      "Directives": []
    },
    {
      "Kind": "ObjectTypeDefinition",
      "Description": {
        "Kind": "StringValue",
        "Location": null,
        "Value": "An edge in a connection.",
        "Block": false
      },
      "Interfaces": [],
      "Fields": [
        {
          "Kind": "FieldDefinition",
          "Description": {
            "Kind": "StringValue",
            "Location": null,
            "Value": "A cursor for use in pagination.",
            "Block": false
          },
          "Arguments": [],
          "Type": {
            "Kind": "NonNullType",
            "Location": null,
            "Type": {
              "Kind": "NamedType",
              "Location": null,
              "Name": {
                "Kind": "Name",
                "Location": null,
                "Value": "String"
              }
            }
          },
          "Location": null,
          "Name": {
            "Kind": "Name",
            "Location": null,
            "Value": "cursor"
          },
          "Directives": []
        },
        {
          "Kind": "FieldDefinition",
          "Description": {
            "Kind": "StringValue",
            "Location": null,
            "Value": "The item at the end of the edge.",
            "Block": false
          },
          "Arguments": [],
          "Type": {
            "Kind": "NamedType",
            "Location": null,
            "Name": {
              "Kind": "Name",
              "Location": null,
              "Value": "Registration"
            }
          },
          "Location": null,
          "Name": {
            "Kind": "Name",
            "Location": null,
            "Value": "node"
          },
          "Directives": []
        }
      ],
      "Location": null,
      "Name": {
        "Kind": "Name",
        "Location": null,
        "Value": "RegistrationsEdge"
      },
      "Directives": []
    },
    {
      "Kind": "InputObjectTypeDefinition",
      "Description": null,
      "Fields": [
        {
          "Kind": "InputValueDefinition",
          "Description": null,
          "Type": {
            "Kind": "NamedType",
            "Location": null,
            "Name": {
              "Kind": "Name",
              "Location": null,
              "Value": "DateTime"
            }
          },
          "DefaultValue": null,
          "Location": null,
          "Name": {
            "Kind": "Name",
            "Location": null,
            "Value": "eq"
          },
          "Directives": []
        },
        {
          "Kind": "InputValueDefinition",
          "Description": null,
          "Type": {
            "Kind": "NamedType",
            "Location": null,
            "Name": {
              "Kind": "Name",
              "Location": null,
              "Value": "DateTime"
            }
          },
          "DefaultValue": null,
          "Location": null,
          "Name": {
            "Kind": "Name",
            "Location": null,
            "Value": "neq"
          },
          "Directives": []
        },
        {
          "Kind": "InputValueDefinition",
          "Description": null,
          "Type": {
            "Kind": "ListType",
            "Location": null,
            "Type": {
              "Kind": "NamedType",
              "Location": null,
              "Name": {
                "Kind": "Name",
                "Location": null,
                "Value": "DateTime"
              }
            }
          },
          "DefaultValue": null,
          "Location": null,
          "Name": {
            "Kind": "Name",
            "Location": null,
            "Value": "in"
          },
          "Directives": []
        },
        {
          "Kind": "InputValueDefinition",
          "Description": null,
          "Type": {
            "Kind": "ListType",
            "Location": null,
            "Type": {
              "Kind": "NamedType",
              "Location": null,
              "Name": {
                "Kind": "Name",
                "Location": null,
                "Value": "DateTime"
              }
            }
          },
          "DefaultValue": null,
          "Location": null,
          "Name": {
            "Kind": "Name",
            "Location": null,
            "Value": "nin"
          },
          "Directives": []
        },
        {
          "Kind": "InputValueDefinition",
          "Description": null,
          "Type": {
            "Kind": "NamedType",
            "Location": null,
            "Name": {
              "Kind": "Name",
              "Location": null,
              "Value": "DateTime"
            }
          },
          "DefaultValue": null,
          "Location": null,
          "Name": {
            "Kind": "Name",
            "Location": null,
            "Value": "gt"
          },
          "Directives": []
        },
        {
          "Kind": "InputValueDefinition",
          "Description": null,
          "Type": {
            "Kind": "NamedType",
            "Location": null,
            "Name": {
              "Kind": "Name",
              "Location": null,
              "Value": "DateTime"
            }
          },
          "DefaultValue": null,
          "Location": null,
          "Name": {
            "Kind": "Name",
            "Location": null,
            "Value": "ngt"
          },
          "Directives": []
        },
        {
          "Kind": "InputValueDefinition",
          "Description": null,
          "Type": {
            "Kind": "NamedType",
            "Location": null,
            "Name": {
              "Kind": "Name",
              "Location": null,
              "Value": "DateTime"
            }
          },
          "DefaultValue": null,
          "Location": null,
          "Name": {
            "Kind": "Name",
            "Location": null,
            "Value": "gte"
          },
          "Directives": []
        },
        {
          "Kind": "InputValueDefinition",
          "Description": null,
          "Type": {
            "Kind": "NamedType",
            "Location": null,
            "Name": {
              "Kind": "Name",
              "Location": null,
              "Value": "DateTime"
            }
          },
          "DefaultValue": null,
          "Location": null,
          "Name": {
            "Kind": "Name",
            "Location": null,
            "Value": "ngte"
          },
          "Directives": []
        },
        {
          "Kind": "InputValueDefinition",
          "Description": null,
          "Type": {
            "Kind": "NamedType",
            "Location": null,
            "Name": {
              "Kind": "Name",
              "Location": null,
              "Value": "DateTime"
            }
          },
          "DefaultValue": null,
          "Location": null,
          "Name": {
            "Kind": "Name",
            "Location": null,
            "Value": "lt"
          },
          "Directives": []
        },
        {
          "Kind": "InputValueDefinition",
          "Description": null,
          "Type": {
            "Kind": "NamedType",
            "Location": null,
            "Name": {
              "Kind": "Name",
              "Location": null,
              "Value": "DateTime"
            }
          },
          "DefaultValue": null,
          "Location": null,
          "Name": {
            "Kind": "Name",
            "Location": null,
            "Value": "nlt"
          },
          "Directives": []
        },
        {
          "Kind": "InputValueDefinition",
          "Description": null,
          "Type": {
            "Kind": "NamedType",
            "Location": null,
            "Name": {
              "Kind": "Name",
              "Location": null,
              "Value": "DateTime"
            }
          },
          "DefaultValue": null,
          "Location": null,
          "Name": {
            "Kind": "Name",
            "Location": null,
            "Value": "lte"
          },
          "Directives": []
        },
        {
          "Kind": "InputValueDefinition",
          "Description": null,
          "Type": {
            "Kind": "NamedType",
            "Location": null,
            "Name": {
              "Kind": "Name",
              "Location": null,
              "Value": "DateTime"
            }
          },
          "DefaultValue": null,
          "Location": null,
          "Name": {
            "Kind": "Name",
            "Location": null,
            "Value": "nlte"
          },
          "Directives": []
        }
      ],
      "Location": null,
      "Name": {
        "Kind": "Name",
        "Location": null,
        "Value": "DateTimeOperationFilterInput"
      },
      "Directives": []
    },
    {
      "Kind": "InputObjectTypeDefinition",
      "Description": null,
      "Fields": [
        {
          "Kind": "InputValueDefinition",
          "Description": null,
          "Type": {
            "Kind": "ListType",
            "Location": null,
            "Type": {
              "Kind": "NonNullType",
              "Location": null,
              "Type": {
                "Kind": "NamedType",
                "Location": null,
                "Name": {
                  "Kind": "Name",
                  "Location": null,
                  "Value": "EventFilterInput"
                }
              }
            }
          },
          "DefaultValue": null,
          "Location": null,
          "Name": {
            "Kind": "Name",
            "Location": null,
            "Value": "and"
          },
          "Directives": []
        },
        {
          "Kind": "InputValueDefinition",
          "Description": null,
          "Type": {
            "Kind": "ListType",
            "Location": null,
            "Type": {
              "Kind": "NonNullType",
              "Location": null,
              "Type": {
                "Kind": "NamedType",
                "Location": null,
                "Name": {
                  "Kind": "Name",
                  "Location": null,
                  "Value": "EventFilterInput"
                }
              }
            }
          },
          "DefaultValue": null,
          "Location": null,
          "Name": {
            "Kind": "Name",
            "Location": null,
            "Value": "or"
          },
          "Directives": []
        },
        {
          "Kind": "InputValueDefinition",
          "Description": null,
          "Type": {
            "Kind": "NamedType",
            "Location": null,
            "Name": {
              "Kind": "Name",
              "Location": null,
              "Value": "IntOperationFilterInput"
            }
          },
          "DefaultValue": null,
          "Location": null,
          "Name": {
            "Kind": "Name",
            "Location": null,
            "Value": "id"
          },
          "Directives": []
        },
        {
          "Kind": "InputValueDefinition",
          "Description": null,
          "Type": {
            "Kind": "NamedType",
            "Location": null,
            "Name": {
              "Kind": "Name",
              "Location": null,
              "Value": "StringOperationFilterInput"
            }
          },
          "DefaultValue": null,
          "Location": null,
          "Name": {
            "Kind": "Name",
            "Location": null,
            "Value": "eventName"
          },
          "Directives": []
        },
        {
          "Kind": "InputValueDefinition",
          "Description": null,
          "Type": {
            "Kind": "NamedType",
            "Location": null,
            "Name": {
              "Kind": "Name",
              "Location": null,
              "Value": "ListFilterInputTypeOfRegistrationFilterInput"
            }
          },
          "DefaultValue": null,
          "Location": null,
          "Name": {
            "Kind": "Name",
            "Location": null,
            "Value": "registrations"
          },
          "Directives": []
        }
      ],
      "Location": null,
      "Name": {
        "Kind": "Name",
        "Location": null,
        "Value": "EventFilterInput"
      },
      "Directives": []
    },
    {
      "Kind": "InputObjectTypeDefinition",
      "Description": null,
      "Fields": [
        {
          "Kind": "InputValueDefinition",
          "Description": null,
          "Type": {
            "Kind": "NamedType",
            "Location": null,
            "Name": {
              "Kind": "Name",
              "Location": null,
              "Value": "SortEnumType"
            }
          },
          "DefaultValue": null,
          "Location": null,
          "Name": {
            "Kind": "Name",
            "Location": null,
            "Value": "id"
          },
          "Directives": []
        },
        {
          "Kind": "InputValueDefinition",
          "Description": null,
          "Type": {
            "Kind": "NamedType",
            "Location": null,
            "Name": {
              "Kind": "Name",
              "Location": null,
              "Value": "SortEnumType"
            }
          },
          "DefaultValue": null,
          "Location": null,
          "Name": {
            "Kind": "Name",
            "Location": null,
            "Value": "eventName"
          },
          "Directives": []
        }
      ],
      "Location": null,
      "Name": {
        "Kind": "Name",
        "Location": null,
        "Value": "EventSortInput"
      },
      "Directives": []
    },
    {
      "Kind": "InputObjectTypeDefinition",
      "Description": null,
      "Fields": [
        {
          "Kind": "InputValueDefinition",
          "Description": null,
          "Type": {
            "Kind": "NamedType",
            "Location": null,
            "Name": {
              "Kind": "Name",
              "Location": null,
              "Value": "Int"
            }
          },
          "DefaultValue": null,
          "Location": null,
          "Name": {
            "Kind": "Name",
            "Location": null,
            "Value": "eq"
          },
          "Directives": []
        },
        {
          "Kind": "InputValueDefinition",
          "Description": null,
          "Type": {
            "Kind": "NamedType",
            "Location": null,
            "Name": {
              "Kind": "Name",
              "Location": null,
              "Value": "Int"
            }
          },
          "DefaultValue": null,
          "Location": null,
          "Name": {
            "Kind": "Name",
            "Location": null,
            "Value": "neq"
          },
          "Directives": []
        },
        {
          "Kind": "InputValueDefinition",
          "Description": null,
          "Type": {
            "Kind": "ListType",
            "Location": null,
            "Type": {
              "Kind": "NamedType",
              "Location": null,
              "Name": {
                "Kind": "Name",
                "Location": null,
                "Value": "Int"
              }
            }
          },
          "DefaultValue": null,
          "Location": null,
          "Name": {
            "Kind": "Name",
            "Location": null,
            "Value": "in"
          },
          "Directives": []
        },
        {
          "Kind": "InputValueDefinition",
          "Description": null,
          "Type": {
            "Kind": "ListType",
            "Location": null,
            "Type": {
              "Kind": "NamedType",
              "Location": null,
              "Name": {
                "Kind": "Name",
                "Location": null,
                "Value": "Int"
              }
            }
          },
          "DefaultValue": null,
          "Location": null,
          "Name": {
            "Kind": "Name",
            "Location": null,
            "Value": "nin"
          },
          "Directives": []
        },
        {
          "Kind": "InputValueDefinition",
          "Description": null,
          "Type": {
            "Kind": "NamedType",
            "Location": null,
            "Name": {
              "Kind": "Name",
              "Location": null,
              "Value": "Int"
            }
          },
          "DefaultValue": null,
          "Location": null,
          "Name": {
            "Kind": "Name",
            "Location": null,
            "Value": "gt"
          },
          "Directives": []
        },
        {
          "Kind": "InputValueDefinition",
          "Description": null,
          "Type": {
            "Kind": "NamedType",
            "Location": null,
            "Name": {
              "Kind": "Name",
              "Location": null,
              "Value": "Int"
            }
          },
          "DefaultValue": null,
          "Location": null,
          "Name": {
            "Kind": "Name",
            "Location": null,
            "Value": "ngt"
          },
          "Directives": []
        },
        {
          "Kind": "InputValueDefinition",
          "Description": null,
          "Type": {
            "Kind": "NamedType",
            "Location": null,
            "Name": {
              "Kind": "Name",
              "Location": null,
              "Value": "Int"
            }
          },
          "DefaultValue": null,
          "Location": null,
          "Name": {
            "Kind": "Name",
            "Location": null,
            "Value": "gte"
          },
          "Directives": []
        },
        {
          "Kind": "InputValueDefinition",
          "Description": null,
          "Type": {
            "Kind": "NamedType",
            "Location": null,
            "Name": {
              "Kind": "Name",
              "Location": null,
              "Value": "Int"
            }
          },
          "DefaultValue": null,
          "Location": null,
          "Name": {
            "Kind": "Name",
            "Location": null,
            "Value": "ngte"
          },
          "Directives": []
        },
        {
          "Kind": "InputValueDefinition",
          "Description": null,
          "Type": {
            "Kind": "NamedType",
            "Location": null,
            "Name": {
              "Kind": "Name",
              "Location": null,
              "Value": "Int"
            }
          },
          "DefaultValue": null,
          "Location": null,
          "Name": {
            "Kind": "Name",
            "Location": null,
            "Value": "lt"
          },
          "Directives": []
        },
        {
          "Kind": "InputValueDefinition",
          "Description": null,
          "Type": {
            "Kind": "NamedType",
            "Location": null,
            "Name": {
              "Kind": "Name",
              "Location": null,
              "Value": "Int"
            }
          },
          "DefaultValue": null,
          "Location": null,
          "Name": {
            "Kind": "Name",
            "Location": null,
            "Value": "nlt"
          },
          "Directives": []
        },
        {
          "Kind": "InputValueDefinition",
          "Description": null,
          "Type": {
            "Kind": "NamedType",
            "Location": null,
            "Name": {
              "Kind": "Name",
              "Location": null,
              "Value": "Int"
            }
          },
          "DefaultValue": null,
          "Location": null,
          "Name": {
            "Kind": "Name",
            "Location": null,
            "Value": "lte"
          },
          "Directives": []
        },
        {
          "Kind": "InputValueDefinition",
          "Description": null,
          "Type": {
            "Kind": "NamedType",
            "Location": null,
            "Name": {
              "Kind": "Name",
              "Location": null,
              "Value": "Int"
            }
          },
          "DefaultValue": null,
          "Location": null,
          "Name": {
            "Kind": "Name",
            "Location": null,
            "Value": "nlte"
          },
          "Directives": []
        }
      ],
      "Location": null,
      "Name": {
        "Kind": "Name",
        "Location": null,
        "Value": "IntOperationFilterInput"
      },
      "Directives": []
    },
    {
      "Kind": "InputObjectTypeDefinition",
      "Description": null,
      "Fields": [
        {
          "Kind": "InputValueDefinition",
          "Description": null,
          "Type": {
            "Kind": "NamedType",
            "Location": null,
            "Name": {
              "Kind": "Name",
              "Location": null,
              "Value": "RegistrationFilterInput"
            }
          },
          "DefaultValue": null,
          "Location": null,
          "Name": {
            "Kind": "Name",
            "Location": null,
            "Value": "all"
          },
          "Directives": []
        },
        {
          "Kind": "InputValueDefinition",
          "Description": null,
          "Type": {
            "Kind": "NamedType",
            "Location": null,
            "Name": {
              "Kind": "Name",
              "Location": null,
              "Value": "RegistrationFilterInput"
            }
          },
          "DefaultValue": null,
          "Location": null,
          "Name": {
            "Kind": "Name",
            "Location": null,
            "Value": "none"
          },
          "Directives": []
        },
        {
          "Kind": "InputValueDefinition",
          "Description": null,
          "Type": {
            "Kind": "NamedType",
            "Location": null,
            "Name": {
              "Kind": "Name",
              "Location": null,
              "Value": "RegistrationFilterInput"
            }
          },
          "DefaultValue": null,
          "Location": null,
          "Name": {
            "Kind": "Name",
            "Location": null,
            "Value": "some"
          },
          "Directives": []
        },
        {
          "Kind": "InputValueDefinition",
          "Description": null,
          "Type": {
            "Kind": "NamedType",
            "Location": null,
            "Name": {
              "Kind": "Name",
              "Location": null,
              "Value": "Boolean"
            }
          },
          "DefaultValue": null,
          "Location": null,
          "Name": {
            "Kind": "Name",
            "Location": null,
            "Value": "any"
          },
          "Directives": []
        }
      ],
      "Location": null,
      "Name": {
        "Kind": "Name",
        "Location": null,
        "Value": "ListFilterInputTypeOfRegistrationFilterInput"
      },
      "Directives": []
    },
    {
      "Kind": "InputObjectTypeDefinition",
      "Description": null,
      "Fields": [
        {
          "Kind": "InputValueDefinition",
          "Description": null,
          "Type": {
            "Kind": "ListType",
            "Location": null,
            "Type": {
              "Kind": "NonNullType",
              "Location": null,
              "Type": {
                "Kind": "NamedType",
                "Location": null,
                "Name": {
                  "Kind": "Name",
                  "Location": null,
                  "Value": "RegistrationFilterInput"
                }
              }
            }
          },
          "DefaultValue": null,
          "Location": null,
          "Name": {
            "Kind": "Name",
            "Location": null,
            "Value": "and"
          },
          "Directives": []
        },
        {
          "Kind": "InputValueDefinition",
          "Description": null,
          "Type": {
            "Kind": "ListType",
            "Location": null,
            "Type": {
              "Kind": "NonNullType",
              "Location": null,
              "Type": {
                "Kind": "NamedType",
                "Location": null,
                "Name": {
                  "Kind": "Name",
                  "Location": null,
                  "Value": "RegistrationFilterInput"
                }
              }
            }
          },
          "DefaultValue": null,
          "Location": null,
          "Name": {
            "Kind": "Name",
            "Location": null,
            "Value": "or"
          },
          "Directives": []
        },
        {
          "Kind": "InputValueDefinition",
          "Description": null,
          "Type": {
            "Kind": "NamedType",
            "Location": null,
            "Name": {
              "Kind": "Name",
              "Location": null,
              "Value": "IntOperationFilterInput"
            }
          },
          "DefaultValue": null,
          "Location": null,
          "Name": {
            "Kind": "Name",
            "Location": null,
            "Value": "id"
          },
          "Directives": []
        },
        {
          "Kind": "InputValueDefinition",
          "Description": null,
          "Type": {
            "Kind": "NamedType",
            "Location": null,
            "Name": {
              "Kind": "Name",
              "Location": null,
              "Value": "DateTimeOperationFilterInput"
            }
          },
          "DefaultValue": null,
          "Location": null,
          "Name": {
            "Kind": "Name",
            "Location": null,
            "Value": "creationDate"
          },
          "Directives": []
        },
        {
          "Kind": "InputValueDefinition",
          "Description": null,
          "Type": {
            "Kind": "NamedType",
            "Location": null,
            "Name": {
              "Kind": "Name",
              "Location": null,
              "Value": "IntOperationFilterInput"
            }
          },
          "DefaultValue": null,
          "Location": null,
          "Name": {
            "Kind": "Name",
            "Location": null,
            "Value": "clientId"
          },
          "Directives": []
        },
        {
          "Kind": "InputValueDefinition",
          "Description": null,
          "Type": {
            "Kind": "NamedType",
            "Location": null,
            "Name": {
              "Kind": "Name",
              "Location": null,
              "Value": "RegistrationStatusOperationFilterInput"
            }
          },
          "DefaultValue": null,
          "Location": null,
          "Name": {
            "Kind": "Name",
            "Location": null,
            "Value": "status"
          },
          "Directives": []
        },
        {
          "Kind": "InputValueDefinition",
          "Description": null,
          "Type": {
            "Kind": "NamedType",
            "Location": null,
            "Name": {
              "Kind": "Name",
              "Location": null,
              "Value": "EventFilterInput"
            }
          },
          "DefaultValue": null,
          "Location": null,
          "Name": {
            "Kind": "Name",
            "Location": null,
            "Value": "event"
          },
          "Directives": []
        }
      ],
      "Location": null,
      "Name": {
        "Kind": "Name",
        "Location": null,
        "Value": "RegistrationFilterInput"
      },
      "Directives": []
    },
    {
      "Kind": "InputObjectTypeDefinition",
      "Description": null,
      "Fields": [
        {
          "Kind": "InputValueDefinition",
          "Description": null,
          "Type": {
            "Kind": "NamedType",
            "Location": null,
            "Name": {
              "Kind": "Name",
              "Location": null,
              "Value": "SortEnumType"
            }
          },
          "DefaultValue": null,
          "Location": null,
          "Name": {
            "Kind": "Name",
            "Location": null,
            "Value": "id"
          },
          "Directives": []
        },
        {
          "Kind": "InputValueDefinition",
          "Description": null,
          "Type": {
            "Kind": "NamedType",
            "Location": null,
            "Name": {
              "Kind": "Name",
              "Location": null,
              "Value": "SortEnumType"
            }
          },
          "DefaultValue": null,
          "Location": null,
          "Name": {
            "Kind": "Name",
            "Location": null,
            "Value": "creationDate"
          },
          "Directives": []
        },
        {
          "Kind": "InputValueDefinition",
          "Description": null,
          "Type": {
            "Kind": "NamedType",
            "Location": null,
            "Name": {
              "Kind": "Name",
              "Location": null,
              "Value": "SortEnumType"
            }
          },
          "DefaultValue": null,
          "Location": null,
          "Name": {
            "Kind": "Name",
            "Location": null,
            "Value": "clientId"
          },
          "Directives": []
        },
        {
          "Kind": "InputValueDefinition",
          "Description": null,
          "Type": {
            "Kind": "NamedType",
            "Location": null,
            "Name": {
              "Kind": "Name",
              "Location": null,
              "Value": "SortEnumType"
            }
          },
          "DefaultValue": null,
          "Location": null,
          "Name": {
            "Kind": "Name",
            "Location": null,
            "Value": "status"
          },
          "Directives": []
        },
        {
          "Kind": "InputValueDefinition",
          "Description": null,
          "Type": {
            "Kind": "NamedType",
            "Location": null,
            "Name": {
              "Kind": "Name",
              "Location": null,
              "Value": "EventSortInput"
            }
          },
          "DefaultValue": null,
          "Location": null,
          "Name": {
            "Kind": "Name",
            "Location": null,
            "Value": "event"
          },
          "Directives": []
        }
      ],
      "Location": null,
      "Name": {
        "Kind": "Name",
        "Location": null,
        "Value": "RegistrationSortInput"
      },
      "Directives": []
    },
    {
      "Kind": "InputObjectTypeDefinition",
      "Description": null,
      "Fields": [
        {
          "Kind": "InputValueDefinition",
          "Description": null,
          "Type": {
            "Kind": "NamedType",
            "Location": null,
            "Name": {
              "Kind": "Name",
              "Location": null,
              "Value": "RegistrationStatus"
            }
          },
          "DefaultValue": null,
          "Location": null,
          "Name": {
            "Kind": "Name",
            "Location": null,
            "Value": "eq"
          },
          "Directives": []
        },
        {
          "Kind": "InputValueDefinition",
          "Description": null,
          "Type": {
            "Kind": "NamedType",
            "Location": null,
            "Name": {
              "Kind": "Name",
              "Location": null,
              "Value": "RegistrationStatus"
            }
          },
          "DefaultValue": null,
          "Location": null,
          "Name": {
            "Kind": "Name",
            "Location": null,
            "Value": "neq"
          },
          "Directives": []
        },
        {
          "Kind": "InputValueDefinition",
          "Description": null,
          "Type": {
            "Kind": "ListType",
            "Location": null,
            "Type": {
              "Kind": "NonNullType",
              "Location": null,
              "Type": {
                "Kind": "NamedType",
                "Location": null,
                "Name": {
                  "Kind": "Name",
                  "Location": null,
                  "Value": "RegistrationStatus"
                }
              }
            }
          },
          "DefaultValue": null,
          "Location": null,
          "Name": {
            "Kind": "Name",
            "Location": null,
            "Value": "in"
          },
          "Directives": []
        },
        {
          "Kind": "InputValueDefinition",
          "Description": null,
          "Type": {
            "Kind": "ListType",
            "Location": null,
            "Type": {
              "Kind": "NonNullType",
              "Location": null,
              "Type": {
                "Kind": "NamedType",
                "Location": null,
                "Name": {
                  "Kind": "Name",
                  "Location": null,
                  "Value": "RegistrationStatus"
                }
              }
            }
          },
          "DefaultValue": null,
          "Location": null,
          "Name": {
            "Kind": "Name",
            "Location": null,
            "Value": "nin"
          },
          "Directives": []
        }
      ],
      "Location": null,
      "Name": {
        "Kind": "Name",
        "Location": null,
        "Value": "RegistrationStatusOperationFilterInput"
      },
      "Directives": []
    },
    {
      "Kind": "InputObjectTypeDefinition",
      "Description": null,
      "Fields": [
        {
          "Kind": "InputValueDefinition",
          "Description": null,
          "Type": {
            "Kind": "ListType",
            "Location": null,
            "Type": {
              "Kind": "NonNullType",
              "Location": null,
              "Type": {
                "Kind": "NamedType",
                "Location": null,
                "Name": {
                  "Kind": "Name",
                  "Location": null,
                  "Value": "StringOperationFilterInput"
                }
              }
            }
          },
          "DefaultValue": null,
          "Location": null,
          "Name": {
            "Kind": "Name",
            "Location": null,
            "Value": "and"
          },
          "Directives": []
        },
        {
          "Kind": "InputValueDefinition",
          "Description": null,
          "Type": {
            "Kind": "ListType",
            "Location": null,
            "Type": {
              "Kind": "NonNullType",
              "Location": null,
              "Type": {
                "Kind": "NamedType",
                "Location": null,
                "Name": {
                  "Kind": "Name",
                  "Location": null,
                  "Value": "StringOperationFilterInput"
                }
              }
            }
          },
          "DefaultValue": null,
          "Location": null,
          "Name": {
            "Kind": "Name",
            "Location": null,
            "Value": "or"
          },
          "Directives": []
        },
        {
          "Kind": "InputValueDefinition",
          "Description": null,
          "Type": {
            "Kind": "NamedType",
            "Location": null,
            "Name": {
              "Kind": "Name",
              "Location": null,
              "Value": "String"
            }
          },
          "DefaultValue": null,
          "Location": null,
          "Name": {
            "Kind": "Name",
            "Location": null,
            "Value": "eq"
          },
          "Directives": []
        },
        {
          "Kind": "InputValueDefinition",
          "Description": null,
          "Type": {
            "Kind": "NamedType",
            "Location": null,
            "Name": {
              "Kind": "Name",
              "Location": null,
              "Value": "String"
            }
          },
          "DefaultValue": null,
          "Location": null,
          "Name": {
            "Kind": "Name",
            "Location": null,
            "Value": "neq"
          },
          "Directives": []
        },
        {
          "Kind": "InputValueDefinition",
          "Description": null,
          "Type": {
            "Kind": "NamedType",
            "Location": null,
            "Name": {
              "Kind": "Name",
              "Location": null,
              "Value": "String"
            }
          },
          "DefaultValue": null,
          "Location": null,
          "Name": {
            "Kind": "Name",
            "Location": null,
            "Value": "contains"
          },
          "Directives": []
        },
        {
          "Kind": "InputValueDefinition",
          "Description": null,
          "Type": {
            "Kind": "NamedType",
            "Location": null,
            "Name": {
              "Kind": "Name",
              "Location": null,
              "Value": "String"
            }
          },
          "DefaultValue": null,
          "Location": null,
          "Name": {
            "Kind": "Name",
            "Location": null,
            "Value": "ncontains"
          },
          "Directives": []
        },
        {
          "Kind": "InputValueDefinition",
          "Description": null,
          "Type": {
            "Kind": "ListType",
            "Location": null,
            "Type": {
              "Kind": "NamedType",
              "Location": null,
              "Name": {
                "Kind": "Name",
                "Location": null,
                "Value": "String"
              }
            }
          },
          "DefaultValue": null,
          "Location": null,
          "Name": {
            "Kind": "Name",
            "Location": null,
            "Value": "in"
          },
          "Directives": []
        },
        {
          "Kind": "InputValueDefinition",
          "Description": null,
          "Type": {
            "Kind": "ListType",
            "Location": null,
            "Type": {
              "Kind": "NamedType",
              "Location": null,
              "Name": {
                "Kind": "Name",
                "Location": null,
                "Value": "String"
              }
            }
          },
          "DefaultValue": null,
          "Location": null,
          "Name": {
            "Kind": "Name",
            "Location": null,
            "Value": "nin"
          },
          "Directives": []
        },
        {
          "Kind": "InputValueDefinition",
          "Description": null,
          "Type": {
            "Kind": "NamedType",
            "Location": null,
            "Name": {
              "Kind": "Name",
              "Location": null,
              "Value": "String"
            }
          },
          "DefaultValue": null,
          "Location": null,
          "Name": {
            "Kind": "Name",
            "Location": null,
            "Value": "startsWith"
          },
          "Directives": []
        },
        {
          "Kind": "InputValueDefinition",
          "Description": null,
          "Type": {
            "Kind": "NamedType",
            "Location": null,
            "Name": {
              "Kind": "Name",
              "Location": null,
              "Value": "String"
            }
          },
          "DefaultValue": null,
          "Location": null,
          "Name": {
            "Kind": "Name",
            "Location": null,
            "Value": "nstartsWith"
          },
          "Directives": []
        },
        {
          "Kind": "InputValueDefinition",
          "Description": null,
          "Type": {
            "Kind": "NamedType",
            "Location": null,
            "Name": {
              "Kind": "Name",
              "Location": null,
              "Value": "String"
            }
          },
          "DefaultValue": null,
          "Location": null,
          "Name": {
            "Kind": "Name",
            "Location": null,
            "Value": "endsWith"
          },
          "Directives": []
        },
        {
          "Kind": "InputValueDefinition",
          "Description": null,
          "Type": {
            "Kind": "NamedType",
            "Location": null,
            "Name": {
              "Kind": "Name",
              "Location": null,
              "Value": "String"
            }
          },
          "DefaultValue": null,
          "Location": null,
          "Name": {
            "Kind": "Name",
            "Location": null,
            "Value": "nendsWith"
          },
          "Directives": []
        }
      ],
      "Location": null,
      "Name": {
        "Kind": "Name",
        "Location": null,
        "Value": "StringOperationFilterInput"
      },
      "Directives": []
    },
    {
      "Kind": "EnumTypeDefinition",
      "Description": null,
      "Values": [
        {
          "Kind": "EnumValueDefinition",
          "Description": null,
          "Location": null,
          "Name": {
            "Kind": "Name",
            "Location": null,
            "Value": "WAITING_FOR_CONFIRMATION"
          },
          "Directives": []
        },
        {
          "Kind": "EnumValueDefinition",
          "Description": null,
          "Location": null,
          "Name": {
            "Kind": "Name",
            "Location": null,
            "Value": "CONFIRMED"
          },
          "Directives": []
        }
      ],
      "Location": null,
      "Name": {
        "Kind": "Name",
        "Location": null,
        "Value": "RegistrationStatus"
      },
      "Directives": []
    },
    {
      "Kind": "EnumTypeDefinition",
      "Description": null,
      "Values": [
        {
          "Kind": "EnumValueDefinition",
          "Description": null,
          "Location": null,
          "Name": {
            "Kind": "Name",
            "Location": null,
            "Value": "ASC"
          },
          "Directives": []
        },
        {
          "Kind": "EnumValueDefinition",
          "Description": null,
          "Location": null,
          "Name": {
            "Kind": "Name",
            "Location": null,
            "Value": "DESC"
          },
          "Directives": []
        }
      ],
      "Location": null,
      "Name": {
        "Kind": "Name",
        "Location": null,
        "Value": "SortEnumType"
      },
      "Directives": []
    },
    {
      "Kind": "ScalarTypeDefinition",
      "Description": {
        "Kind": "StringValue",
        "Location": null,
        "Value": "The `DateTime` scalar represents an ISO-8601 compliant date time type.",
        "Block": false
      },
      "Location": null,
      "Name": {
        "Kind": "Name",
        "Location": null,
        "Value": "DateTime"
      },
      "Directives": [
        {
          "Kind": "Directive",
          "Location": null,
          "Name": {
            "Kind": "Name",
            "Location": null,
            "Value": "specifiedBy"
          },
          "Arguments": [
            {
              "Kind": "Argument",
              "Location": null,
              "Name": {
                "Kind": "Name",
                "Location": null,
                "Value": "url"
              },
              "Value": {
                "Kind": "StringValue",
                "Location": null,
                "Value": "https://www.graphql-scalars.com/date-time",
                "Block": false
              }
            }
          ]
        }
      ]
    }
  ],
  "Count": 518,
  "FieldsCount": 0
}
